// Jest Snapshot v1, https://goo.gl/fbAQLP

exports[`<Footer /> render the footer with populated data 1`] = `
<div
  class="footer__Container-sc-1234czx-0 cTqOnx"
>
  <p
    class="footer__Title-sc-1234czx-4 fRPexQ"
  >
    Questions? Contact us.
  </p>
  <div
    class="footer__Break-sc-1234czx-6 itCrij"
  />
  <div
    class="footer__Row-sc-1234czx-2 eEIWPs"
  >
    <div
      class="footer__Column-sc-1234czx-1 PrMtd"
    >
      <a
        class="footer__Link-sc-1234czx-3 hskRbN"
        href="#"
      >
        FAQ
      </a>
      <a
        class="footer__Link-sc-1234czx-3 hskRbN"
        href="#"
      >
        Investor Relations
      </a>
      <a
        class="footer__Link-sc-1234czx-3 hskRbN"
        href="#"
      >
        Ways to Watch
      </a>
      <a
        class="footer__Link-sc-1234czx-3 hskRbN"
        href="#"
      >
        Corporate Information
      </a>
      <a
        class="footer__Link-sc-1234czx-3 hskRbN"
        href="#"
      >
        Netflix Originals
      </a>
    </div>
    <div
      class="footer__Column-sc-1234czx-1 PrMtd"
    >
      <a
        class="footer__Link-sc-1234czx-3 hskRbN"
        href="#"
      >
        Help Centre
      </a>
      <a
        class="footer__Link-sc-1234czx-3 hskRbN"
        href="#"
      >
        Jobs
      </a>
      <a
        class="footer__Link-sc-1234czx-3 hskRbN"
        href="#"
      >
        Terms of Use
      </a>
      <a
        class="footer__Link-sc-1234czx-3 hskRbN"
        href="#"
      >
        Contact Us
      </a>
    </div>
    <div
      class="footer__Column-sc-1234czx-1 PrMtd"
    >
      <a
        class="footer__Link-sc-1234czx-3 hskRbN"
        href="#"
      >
        Account
      </a>
      <a
        class="footer__Link-sc-1234czx-3 hskRbN"
        href="#"
      >
        Redeem gift cards
      </a>
      <a
        class="footer__Link-sc-1234czx-3 hskRbN"
        href="#"
      >
        Privacy
      </a>
      <a
        class="footer__Link-sc-1234czx-3 hskRbN"
        href="#"
      >
        Speed Test
      </a>
    </div>
    <div
      class="footer__Column-sc-1234czx-1 PrMtd"
    >
      <a
        class="footer__Link-sc-1234czx-3 hskRbN"
        href="#"
      >
        Media Centre
      </a>
      <a
        class="footer__Link-sc-1234czx-3 hskRbN"
        href="#"
      >
        Buy gift cards
      </a>
      <a
        class="footer__Link-sc-1234czx-3 hskRbN"
        href="#"
      >
        Cookie Preferences
      </a>
      <a
        class="footer__Link-sc-1234czx-3 hskRbN"
        href="#"
      >
        Legal Notices
      </a>
    </div>
  </div>
  <div
    class="footer__Break-sc-1234czx-6 itCrij"
  />
  <p
    class="footer__Text-sc-1234czx-5 fmycVJ"
  >
    Netflix world
  </p>
</div>
`;
